------------------------------------------------------------
Timing Analyzer Summary
------------------------------------------------------------

Type  : Slow 1200mV 85C Model Setup 'UnidadeDeControle:uco|ulaOP[1]'
Slack : -136.748
TNS   : -6091.714

Type  : Slow 1200mV 85C Model Setup 'UnidadeDeControle:uco|entradaSaidaControl[0]'
Slack : -24.314
TNS   : -260.797

Type  : Slow 1200mV 85C Model Setup 'clock_divider:comb_3|clock_out'
Slack : -15.455
TNS   : -16051.340

Type  : Slow 1200mV 85C Model Setup 'pc[0]'
Slack : -13.929
TNS   : -277.949

Type  : Slow 1200mV 85C Model Setup 'clock'
Slack : -10.458
TNS   : -425.716

Type  : Slow 1200mV 85C Model Hold 'pc[0]'
Slack : -8.184
TNS   : -112.351

Type  : Slow 1200mV 85C Model Hold 'UnidadeDeControle:uco|ulaOP[1]'
Slack : -2.477
TNS   : -3.553

Type  : Slow 1200mV 85C Model Hold 'clock_divider:comb_3|clock_out'
Slack : -0.900
TNS   : -9.522

Type  : Slow 1200mV 85C Model Hold 'UnidadeDeControle:uco|entradaSaidaControl[0]'
Slack : 0.142
TNS   : 0.000

Type  : Slow 1200mV 85C Model Hold 'clock'
Slack : 0.385
TNS   : 0.000

Type  : Slow 1200mV 85C Model Minimum Pulse Width 'pc[0]'
Slack : -5.565
TNS   : -1111.581

Type  : Slow 1200mV 85C Model Minimum Pulse Width 'clock'
Slack : -3.000
TNS   : -180.521

Type  : Slow 1200mV 85C Model Minimum Pulse Width 'clock_divider:comb_3|clock_out'
Slack : -1.285
TNS   : -1579.265

Type  : Slow 1200mV 85C Model Minimum Pulse Width 'UnidadeDeControle:uco|ulaOP[1]'
Slack : 0.353
TNS   : 0.000

Type  : Slow 1200mV 85C Model Minimum Pulse Width 'UnidadeDeControle:uco|entradaSaidaControl[0]'
Slack : 0.447
TNS   : 0.000

Type  : Slow 1200mV 0C Model Setup 'UnidadeDeControle:uco|ulaOP[1]'
Slack : -123.667
TNS   : -5517.499

Type  : Slow 1200mV 0C Model Setup 'UnidadeDeControle:uco|entradaSaidaControl[0]'
Slack : -22.035
TNS   : -236.544

Type  : Slow 1200mV 0C Model Setup 'clock_divider:comb_3|clock_out'
Slack : -14.041
TNS   : -14553.287

Type  : Slow 1200mV 0C Model Setup 'pc[0]'
Slack : -12.927
TNS   : -259.915

Type  : Slow 1200mV 0C Model Setup 'clock'
Slack : -9.340
TNS   : -377.700

Type  : Slow 1200mV 0C Model Hold 'pc[0]'
Slack : -7.275
TNS   : -99.181

Type  : Slow 1200mV 0C Model Hold 'UnidadeDeControle:uco|ulaOP[1]'
Slack : -2.292
TNS   : -3.250

Type  : Slow 1200mV 0C Model Hold 'clock_divider:comb_3|clock_out'
Slack : -0.710
TNS   : -6.044

Type  : Slow 1200mV 0C Model Hold 'UnidadeDeControle:uco|entradaSaidaControl[0]'
Slack : 0.241
TNS   : 0.000

Type  : Slow 1200mV 0C Model Hold 'clock'
Slack : 0.338
TNS   : 0.000

Type  : Slow 1200mV 0C Model Minimum Pulse Width 'pc[0]'
Slack : -5.071
TNS   : -997.238

Type  : Slow 1200mV 0C Model Minimum Pulse Width 'clock'
Slack : -3.000
TNS   : -179.993

Type  : Slow 1200mV 0C Model Minimum Pulse Width 'clock_divider:comb_3|clock_out'
Slack : -1.285
TNS   : -1579.265

Type  : Slow 1200mV 0C Model Minimum Pulse Width 'UnidadeDeControle:uco|ulaOP[1]'
Slack : 0.355
TNS   : 0.000

Type  : Slow 1200mV 0C Model Minimum Pulse Width 'UnidadeDeControle:uco|entradaSaidaControl[0]'
Slack : 0.419
TNS   : 0.000

Type  : Fast 1200mV 0C Model Setup 'UnidadeDeControle:uco|ulaOP[1]'
Slack : -67.804
TNS   : -3016.022

Type  : Fast 1200mV 0C Model Setup 'UnidadeDeControle:uco|entradaSaidaControl[0]'
Slack : -11.606
TNS   : -123.187

Type  : Fast 1200mV 0C Model Setup 'clock_divider:comb_3|clock_out'
Slack : -7.924
TNS   : -7937.131

Type  : Fast 1200mV 0C Model Setup 'pc[0]'
Slack : -7.214
TNS   : -140.761

Type  : Fast 1200mV 0C Model Setup 'clock'
Slack : -5.239
TNS   : -152.264

Type  : Fast 1200mV 0C Model Hold 'pc[0]'
Slack : -4.483
TNS   : -63.413

Type  : Fast 1200mV 0C Model Hold 'UnidadeDeControle:uco|ulaOP[1]'
Slack : -1.336
TNS   : -3.240

Type  : Fast 1200mV 0C Model Hold 'clock_divider:comb_3|clock_out'
Slack : -0.500
TNS   : -6.490

Type  : Fast 1200mV 0C Model Hold 'UnidadeDeControle:uco|entradaSaidaControl[0]'
Slack : 0.149
TNS   : 0.000

Type  : Fast 1200mV 0C Model Hold 'clock'
Slack : 0.173
TNS   : 0.000

Type  : Fast 1200mV 0C Model Minimum Pulse Width 'clock'
Slack : -3.000
TNS   : -137.119

Type  : Fast 1200mV 0C Model Minimum Pulse Width 'pc[0]'
Slack : -2.915
TNS   : -483.264

Type  : Fast 1200mV 0C Model Minimum Pulse Width 'clock_divider:comb_3|clock_out'
Slack : -1.000
TNS   : -1229.000

Type  : Fast 1200mV 0C Model Minimum Pulse Width 'UnidadeDeControle:uco|ulaOP[1]'
Slack : 0.179
TNS   : 0.000

Type  : Fast 1200mV 0C Model Minimum Pulse Width 'UnidadeDeControle:uco|entradaSaidaControl[0]'
Slack : 0.310
TNS   : 0.000

------------------------------------------------------------
