------------------------------------------------------------
Timing Analyzer Summary
------------------------------------------------------------

Type  : Slow 1200mV 85C Model Setup 'UnidadeDeControle:uco|ulaOP[1]'
Slack : -144.044
TNS   : -6196.313

Type  : Slow 1200mV 85C Model Setup 'UnidadeDeControle:uco|entradaSaidaControl[0]'
Slack : -26.748
TNS   : -358.423

Type  : Slow 1200mV 85C Model Setup 'clock_divider:comb_3|clock_out'
Slack : -15.940
TNS   : -14158.446

Type  : Slow 1200mV 85C Model Setup 'pc[0]'
Slack : -14.091
TNS   : -230.618

Type  : Slow 1200mV 85C Model Setup 'clock'
Slack : -11.174
TNS   : -168.258

Type  : Slow 1200mV 85C Model Setup 'UnidadeDeControle:uco|mudaProcesso'
Slack : -10.989
TNS   : -615.403

Type  : Slow 1200mV 85C Model Hold 'pc[0]'
Slack : -6.315
TNS   : -65.429

Type  : Slow 1200mV 85C Model Hold 'clock_divider:comb_3|clock_out'
Slack : -3.284
TNS   : -63.789

Type  : Slow 1200mV 85C Model Hold 'UnidadeDeControle:uco|mudaProcesso'
Slack : -1.543
TNS   : -8.205

Type  : Slow 1200mV 85C Model Hold 'UnidadeDeControle:uco|ulaOP[1]'
Slack : -0.501
TNS   : -1.154

Type  : Slow 1200mV 85C Model Hold 'clock'
Slack : 0.528
TNS   : 0.000

Type  : Slow 1200mV 85C Model Hold 'UnidadeDeControle:uco|entradaSaidaControl[0]'
Slack : 0.678
TNS   : 0.000

Type  : Slow 1200mV 85C Model Minimum Pulse Width 'pc[0]'
Slack : -3.819
TNS   : -1024.645

Type  : Slow 1200mV 85C Model Minimum Pulse Width 'clock'
Slack : -3.000
TNS   : -72.581

Type  : Slow 1200mV 85C Model Minimum Pulse Width 'clock_divider:comb_3|clock_out'
Slack : -1.285
TNS   : -1536.860

Type  : Slow 1200mV 85C Model Minimum Pulse Width 'UnidadeDeControle:uco|mudaProcesso'
Slack : -1.285
TNS   : -82.240

Type  : Slow 1200mV 85C Model Minimum Pulse Width 'UnidadeDeControle:uco|ulaOP[1]'
Slack : 0.375
TNS   : 0.000

Type  : Slow 1200mV 85C Model Minimum Pulse Width 'UnidadeDeControle:uco|entradaSaidaControl[0]'
Slack : 0.453
TNS   : 0.000

Type  : Slow 1200mV 0C Model Setup 'UnidadeDeControle:uco|ulaOP[1]'
Slack : -130.711
TNS   : -5648.329

Type  : Slow 1200mV 0C Model Setup 'UnidadeDeControle:uco|entradaSaidaControl[0]'
Slack : -24.322
TNS   : -325.709

Type  : Slow 1200mV 0C Model Setup 'clock_divider:comb_3|clock_out'
Slack : -14.894
TNS   : -13220.932

Type  : Slow 1200mV 0C Model Setup 'pc[0]'
Slack : -13.249
TNS   : -215.244

Type  : Slow 1200mV 0C Model Setup 'clock'
Slack : -10.374
TNS   : -151.936

Type  : Slow 1200mV 0C Model Setup 'UnidadeDeControle:uco|mudaProcesso'
Slack : -10.191
TNS   : -571.214

Type  : Slow 1200mV 0C Model Hold 'pc[0]'
Slack : -5.583
TNS   : -59.244

Type  : Slow 1200mV 0C Model Hold 'clock_divider:comb_3|clock_out'
Slack : -2.986
TNS   : -58.749

Type  : Slow 1200mV 0C Model Hold 'UnidadeDeControle:uco|mudaProcesso'
Slack : -1.338
TNS   : -6.971

Type  : Slow 1200mV 0C Model Hold 'UnidadeDeControle:uco|ulaOP[1]'
Slack : -0.485
TNS   : -1.133

Type  : Slow 1200mV 0C Model Hold 'clock'
Slack : 0.475
TNS   : 0.000

Type  : Slow 1200mV 0C Model Hold 'UnidadeDeControle:uco|entradaSaidaControl[0]'
Slack : 0.749
TNS   : 0.000

Type  : Slow 1200mV 0C Model Minimum Pulse Width 'pc[0]'
Slack : -3.345
TNS   : -923.178

Type  : Slow 1200mV 0C Model Minimum Pulse Width 'clock'
Slack : -3.000
TNS   : -72.053

Type  : Slow 1200mV 0C Model Minimum Pulse Width 'clock_divider:comb_3|clock_out'
Slack : -1.285
TNS   : -1536.860

Type  : Slow 1200mV 0C Model Minimum Pulse Width 'UnidadeDeControle:uco|mudaProcesso'
Slack : -1.285
TNS   : -82.240

Type  : Slow 1200mV 0C Model Minimum Pulse Width 'UnidadeDeControle:uco|entradaSaidaControl[0]'
Slack : 0.392
TNS   : 0.000

Type  : Slow 1200mV 0C Model Minimum Pulse Width 'UnidadeDeControle:uco|ulaOP[1]'
Slack : 0.417
TNS   : 0.000

Type  : Fast 1200mV 0C Model Setup 'UnidadeDeControle:uco|ulaOP[1]'
Slack : -71.925
TNS   : -3064.793

Type  : Fast 1200mV 0C Model Setup 'UnidadeDeControle:uco|entradaSaidaControl[0]'
Slack : -12.536
TNS   : -166.741

Type  : Fast 1200mV 0C Model Setup 'clock_divider:comb_3|clock_out'
Slack : -7.859
TNS   : -6719.936

Type  : Fast 1200mV 0C Model Setup 'pc[0]'
Slack : -7.276
TNS   : -114.037

Type  : Fast 1200mV 0C Model Setup 'clock'
Slack : -5.285
TNS   : -66.789

Type  : Fast 1200mV 0C Model Setup 'UnidadeDeControle:uco|mudaProcesso'
Slack : -5.174
TNS   : -285.344

Type  : Fast 1200mV 0C Model Hold 'pc[0]'
Slack : -3.422
TNS   : -36.491

Type  : Fast 1200mV 0C Model Hold 'clock_divider:comb_3|clock_out'
Slack : -1.749
TNS   : -37.553

Type  : Fast 1200mV 0C Model Hold 'UnidadeDeControle:uco|mudaProcesso'
Slack : -0.933
TNS   : -5.478

Type  : Fast 1200mV 0C Model Hold 'UnidadeDeControle:uco|ulaOP[1]'
Slack : -0.280
TNS   : -0.650

Type  : Fast 1200mV 0C Model Hold 'clock'
Slack : 0.239
TNS   : 0.000

Type  : Fast 1200mV 0C Model Hold 'UnidadeDeControle:uco|entradaSaidaControl[0]'
Slack : 0.424
TNS   : 0.000

Type  : Fast 1200mV 0C Model Minimum Pulse Width 'clock'
Slack : -3.000
TNS   : -47.384

Type  : Fast 1200mV 0C Model Minimum Pulse Width 'pc[0]'
Slack : -1.745
TNS   : -399.467

Type  : Fast 1200mV 0C Model Minimum Pulse Width 'clock_divider:comb_3|clock_out'
Slack : -1.000
TNS   : -1196.000

Type  : Fast 1200mV 0C Model Minimum Pulse Width 'UnidadeDeControle:uco|mudaProcesso'
Slack : -1.000
TNS   : -64.000

Type  : Fast 1200mV 0C Model Minimum Pulse Width 'UnidadeDeControle:uco|ulaOP[1]'
Slack : 0.247
TNS   : 0.000

Type  : Fast 1200mV 0C Model Minimum Pulse Width 'UnidadeDeControle:uco|entradaSaidaControl[0]'
Slack : 0.306
TNS   : 0.000

------------------------------------------------------------
